// Jest Snapshot v1, https://goo.gl/fbAQLP

exports[`index displays homepage 1`] = `"<div><h1>Kristiania Quiz</h1><div><a href=\\"/question\\">Answer a question</a></div><div><a href=\\"/score\\">Show Score</a></div></div>"`;
